Archive member included to satisfy reference by file (symbol)

c:/program files (x86)/atmel/studio/7.0/toolchain/avr8/avr8-gnu-toolchain/bin/../lib/gcc/avr/5.4.0/../../../../avr/lib/avr5\libm.a(fixunssfsi.o)
                              MCAL/Source/timer2.o (__fixunssfsi)
c:/program files (x86)/atmel/studio/7.0/toolchain/avr8/avr8-gnu-toolchain/bin/../lib/gcc/avr/5.4.0/../../../../avr/lib/avr5\libm.a(fp_split3.o)
                              c:/program files (x86)/atmel/studio/7.0/toolchain/avr8/avr8-gnu-toolchain/bin/../lib/gcc/avr/5.4.0/../../../../avr/lib/avr5\libm.a(fixunssfsi.o) (__fp_splitA)
c:/program files (x86)/atmel/studio/7.0/toolchain/avr8/avr8-gnu-toolchain/bin/../lib/gcc/avr/5.4.0/../../../../avr/lib/avr5\libm.a(fp_zero.o)
                              c:/program files (x86)/atmel/studio/7.0/toolchain/avr8/avr8-gnu-toolchain/bin/../lib/gcc/avr/5.4.0/../../../../avr/lib/avr5\libm.a(fixunssfsi.o) (__fp_zero)
c:/program files (x86)/atmel/studio/7.0/toolchain/avr8/avr8-gnu-toolchain/bin/../lib/gcc/avr/5.4.0/../../../../avr/lib/avr5\libm.a(mulsf3.o)
                              MCAL/Source/timer2.o (__mulsf3)
c:/program files (x86)/atmel/studio/7.0/toolchain/avr8/avr8-gnu-toolchain/bin/../lib/gcc/avr/5.4.0/../../../../avr/lib/avr5\libm.a(mulsf3x.o)
                              c:/program files (x86)/atmel/studio/7.0/toolchain/avr8/avr8-gnu-toolchain/bin/../lib/gcc/avr/5.4.0/../../../../avr/lib/avr5\libm.a(mulsf3.o) (__mulsf3x)
c:/program files (x86)/atmel/studio/7.0/toolchain/avr8/avr8-gnu-toolchain/bin/../lib/gcc/avr/5.4.0/../../../../avr/lib/avr5\libm.a(fp_inf.o)
                              c:/program files (x86)/atmel/studio/7.0/toolchain/avr8/avr8-gnu-toolchain/bin/../lib/gcc/avr/5.4.0/../../../../avr/lib/avr5\libm.a(mulsf3x.o) (__fp_inf)
c:/program files (x86)/atmel/studio/7.0/toolchain/avr8/avr8-gnu-toolchain/bin/../lib/gcc/avr/5.4.0/../../../../avr/lib/avr5\libm.a(fp_nan.o)
                              c:/program files (x86)/atmel/studio/7.0/toolchain/avr8/avr8-gnu-toolchain/bin/../lib/gcc/avr/5.4.0/../../../../avr/lib/avr5\libm.a(mulsf3x.o) (__fp_nan)
c:/program files (x86)/atmel/studio/7.0/toolchain/avr8/avr8-gnu-toolchain/bin/../lib/gcc/avr/5.4.0/../../../../avr/lib/avr5\libm.a(fp_pscA.o)
                              c:/program files (x86)/atmel/studio/7.0/toolchain/avr8/avr8-gnu-toolchain/bin/../lib/gcc/avr/5.4.0/../../../../avr/lib/avr5\libm.a(mulsf3x.o) (__fp_pscA)
c:/program files (x86)/atmel/studio/7.0/toolchain/avr8/avr8-gnu-toolchain/bin/../lib/gcc/avr/5.4.0/../../../../avr/lib/avr5\libm.a(fp_pscB.o)
                              c:/program files (x86)/atmel/studio/7.0/toolchain/avr8/avr8-gnu-toolchain/bin/../lib/gcc/avr/5.4.0/../../../../avr/lib/avr5\libm.a(mulsf3x.o) (__fp_pscB)
c:/program files (x86)/atmel/studio/7.0/toolchain/avr8/avr8-gnu-toolchain/bin/../lib/gcc/avr/5.4.0/../../../../avr/lib/avr5\libm.a(fp_round.o)
                              c:/program files (x86)/atmel/studio/7.0/toolchain/avr8/avr8-gnu-toolchain/bin/../lib/gcc/avr/5.4.0/../../../../avr/lib/avr5\libm.a(mulsf3.o) (__fp_round)
c:/program files (x86)/atmel/studio/7.0/toolchain/avr8/avr8-gnu-toolchain/bin/../lib/gcc/avr/5.4.0/avr5\libgcc.a(_exit.o)
                              C:/Program Files (x86)/Atmel/Studio/7.0/Packs/Atmel/ATmega_DFP/1.7.374/gcc/dev/atmega32/avr5/crtatmega32.o (exit)
c:/program files (x86)/atmel/studio/7.0/toolchain/avr8/avr8-gnu-toolchain/bin/../lib/gcc/avr/5.4.0/avr5\libgcc.a(_copy_data.o)
                              Application/Source/APP.o (__do_copy_data)
c:/program files (x86)/atmel/studio/7.0/toolchain/avr8/avr8-gnu-toolchain/bin/../lib/gcc/avr/5.4.0/avr5\libgcc.a(_clear_bss.o)
                              Application/Source/Database.o (__do_clear_bss)

Allocating common symbols
Common symbol       size              file

A                   0xc               Application/Source/Database.o
U                   0xc               Application/Source/Database.o

Discarded input sections

 .data          0x00000000        0x0 C:/Program Files (x86)/Atmel/Studio/7.0/Packs/Atmel/ATmega_DFP/1.7.374/gcc/dev/atmega32/avr5/crtatmega32.o
 .bss           0x00000000        0x0 C:/Program Files (x86)/Atmel/Studio/7.0/Packs/Atmel/ATmega_DFP/1.7.374/gcc/dev/atmega32/avr5/crtatmega32.o
 .text          0x00000000        0x0 Application/main.o
 .data          0x00000000        0x0 Application/main.o
 .bss           0x00000000        0x0 Application/main.o
 .text          0x00000000        0x0 Application/Source/APP.o
 .data          0x00000000        0x0 Application/Source/APP.o
 .bss           0x00000000        0x0 Application/Source/APP.o
 .text          0x00000000        0x0 Application/Source/Database.o
 .data          0x00000000        0x0 Application/Source/Database.o
 .bss           0x00000000        0x0 Application/Source/Database.o
 COMMON         0x00000000       0x18 Application/Source/Database.o
 .text          0x00000000        0x0 HAL/Source/EEPROM.o
 .data          0x00000000        0x0 HAL/Source/EEPROM.o
 .bss           0x00000000        0x0 HAL/Source/EEPROM.o
 .text          0x00000000        0x0 HAL/Source/keypad.o
 .data          0x00000000        0x0 HAL/Source/keypad.o
 .bss           0x00000000        0x0 HAL/Source/keypad.o
 .text          0x00000000        0x0 HAL/Source/LCD.o
 .data          0x00000000        0x0 HAL/Source/LCD.o
 .bss           0x00000000        0x0 HAL/Source/LCD.o
 .text          0x00000000        0x0 MCAL/Source/ADC.o
 .data          0x00000000        0x0 MCAL/Source/ADC.o
 .bss           0x00000000        0x0 MCAL/Source/ADC.o
 .text          0x00000000        0x0 MCAL/Source/I2C.o
 .data          0x00000000        0x0 MCAL/Source/I2C.o
 .bss           0x00000000        0x0 MCAL/Source/I2C.o
 .text.TWI_Read_with_ACK
                0x00000000        0xe MCAL/Source/I2C.o
 .text.TWI_Status
                0x00000000        0x6 MCAL/Source/I2C.o
 .text          0x00000000        0x0 MCAL/Source/timer0.o
 .data          0x00000000        0x0 MCAL/Source/timer0.o
 .bss           0x00000000        0x0 MCAL/Source/timer0.o
 .text          0x00000000        0x0 MCAL/Source/timer2.o
 .data          0x00000000        0x0 MCAL/Source/timer2.o
 .bss           0x00000000        0x0 MCAL/Source/timer2.o
 .text          0x00000000        0x0 MCAL/Source/UART.o
 .data          0x00000000        0x0 MCAL/Source/UART.o
 .bss           0x00000000        0x0 MCAL/Source/UART.o
 .text          0x00000000        0x0 c:/program files (x86)/atmel/studio/7.0/toolchain/avr8/avr8-gnu-toolchain/bin/../lib/gcc/avr/5.4.0/../../../../avr/lib/avr5\libm.a(fixunssfsi.o)
 .data          0x00000000        0x0 c:/program files (x86)/atmel/studio/7.0/toolchain/avr8/avr8-gnu-toolchain/bin/../lib/gcc/avr/5.4.0/../../../../avr/lib/avr5\libm.a(fixunssfsi.o)
 .bss           0x00000000        0x0 c:/program files (x86)/atmel/studio/7.0/toolchain/avr8/avr8-gnu-toolchain/bin/../lib/gcc/avr/5.4.0/../../../../avr/lib/avr5\libm.a(fixunssfsi.o)
 .text          0x00000000        0x0 c:/program files (x86)/atmel/studio/7.0/toolchain/avr8/avr8-gnu-toolchain/bin/../lib/gcc/avr/5.4.0/../../../../avr/lib/avr5\libm.a(fp_split3.o)
 .data          0x00000000        0x0 c:/program files (x86)/atmel/studio/7.0/toolchain/avr8/avr8-gnu-toolchain/bin/../lib/gcc/avr/5.4.0/../../../../avr/lib/avr5\libm.a(fp_split3.o)
 .bss           0x00000000        0x0 c:/program files (x86)/atmel/studio/7.0/toolchain/avr8/avr8-gnu-toolchain/bin/../lib/gcc/avr/5.4.0/../../../../avr/lib/avr5\libm.a(fp_split3.o)
 .text          0x00000000        0x0 c:/program files (x86)/atmel/studio/7.0/toolchain/avr8/avr8-gnu-toolchain/bin/../lib/gcc/avr/5.4.0/../../../../avr/lib/avr5\libm.a(fp_zero.o)
 .data          0x00000000        0x0 c:/program files (x86)/atmel/studio/7.0/toolchain/avr8/avr8-gnu-toolchain/bin/../lib/gcc/avr/5.4.0/../../../../avr/lib/avr5\libm.a(fp_zero.o)
 .bss           0x00000000        0x0 c:/program files (x86)/atmel/studio/7.0/toolchain/avr8/avr8-gnu-toolchain/bin/../lib/gcc/avr/5.4.0/../../../../avr/lib/avr5\libm.a(fp_zero.o)
 .text          0x00000000        0x0 c:/program files (x86)/atmel/studio/7.0/toolchain/avr8/avr8-gnu-toolchain/bin/../lib/gcc/avr/5.4.0/../../../../avr/lib/avr5\libm.a(mulsf3.o)
 .data          0x00000000        0x0 c:/program files (x86)/atmel/studio/7.0/toolchain/avr8/avr8-gnu-toolchain/bin/../lib/gcc/avr/5.4.0/../../../../avr/lib/avr5\libm.a(mulsf3.o)
 .bss           0x00000000        0x0 c:/program files (x86)/atmel/studio/7.0/toolchain/avr8/avr8-gnu-toolchain/bin/../lib/gcc/avr/5.4.0/../../../../avr/lib/avr5\libm.a(mulsf3.o)
 .text          0x00000000        0x0 c:/program files (x86)/atmel/studio/7.0/toolchain/avr8/avr8-gnu-toolchain/bin/../lib/gcc/avr/5.4.0/../../../../avr/lib/avr5\libm.a(mulsf3x.o)
 .data          0x00000000        0x0 c:/program files (x86)/atmel/studio/7.0/toolchain/avr8/avr8-gnu-toolchain/bin/../lib/gcc/avr/5.4.0/../../../../avr/lib/avr5\libm.a(mulsf3x.o)
 .bss           0x00000000        0x0 c:/program files (x86)/atmel/studio/7.0/toolchain/avr8/avr8-gnu-toolchain/bin/../lib/gcc/avr/5.4.0/../../../../avr/lib/avr5\libm.a(mulsf3x.o)
 .text          0x00000000        0x0 c:/program files (x86)/atmel/studio/7.0/toolchain/avr8/avr8-gnu-toolchain/bin/../lib/gcc/avr/5.4.0/../../../../avr/lib/avr5\libm.a(fp_inf.o)
 .data          0x00000000        0x0 c:/program files (x86)/atmel/studio/7.0/toolchain/avr8/avr8-gnu-toolchain/bin/../lib/gcc/avr/5.4.0/../../../../avr/lib/avr5\libm.a(fp_inf.o)
 .bss           0x00000000        0x0 c:/program files (x86)/atmel/studio/7.0/toolchain/avr8/avr8-gnu-toolchain/bin/../lib/gcc/avr/5.4.0/../../../../avr/lib/avr5\libm.a(fp_inf.o)
 .text          0x00000000        0x0 c:/program files (x86)/atmel/studio/7.0/toolchain/avr8/avr8-gnu-toolchain/bin/../lib/gcc/avr/5.4.0/../../../../avr/lib/avr5\libm.a(fp_nan.o)
 .data          0x00000000        0x0 c:/program files (x86)/atmel/studio/7.0/toolchain/avr8/avr8-gnu-toolchain/bin/../lib/gcc/avr/5.4.0/../../../../avr/lib/avr5\libm.a(fp_nan.o)
 .bss           0x00000000        0x0 c:/program files (x86)/atmel/studio/7.0/toolchain/avr8/avr8-gnu-toolchain/bin/../lib/gcc/avr/5.4.0/../../../../avr/lib/avr5\libm.a(fp_nan.o)
 .text          0x00000000        0x0 c:/program files (x86)/atmel/studio/7.0/toolchain/avr8/avr8-gnu-toolchain/bin/../lib/gcc/avr/5.4.0/../../../../avr/lib/avr5\libm.a(fp_pscA.o)
 .data          0x00000000        0x0 c:/program files (x86)/atmel/studio/7.0/toolchain/avr8/avr8-gnu-toolchain/bin/../lib/gcc/avr/5.4.0/../../../../avr/lib/avr5\libm.a(fp_pscA.o)
 .bss           0x00000000        0x0 c:/program files (x86)/atmel/studio/7.0/toolchain/avr8/avr8-gnu-toolchain/bin/../lib/gcc/avr/5.4.0/../../../../avr/lib/avr5\libm.a(fp_pscA.o)
 .text          0x00000000        0x0 c:/program files (x86)/atmel/studio/7.0/toolchain/avr8/avr8-gnu-toolchain/bin/../lib/gcc/avr/5.4.0/../../../../avr/lib/avr5\libm.a(fp_pscB.o)
 .data          0x00000000        0x0 c:/program files (x86)/atmel/studio/7.0/toolchain/avr8/avr8-gnu-toolchain/bin/../lib/gcc/avr/5.4.0/../../../../avr/lib/avr5\libm.a(fp_pscB.o)
 .bss           0x00000000        0x0 c:/program files (x86)/atmel/studio/7.0/toolchain/avr8/avr8-gnu-toolchain/bin/../lib/gcc/avr/5.4.0/../../../../avr/lib/avr5\libm.a(fp_pscB.o)
 .text          0x00000000        0x0 c:/program files (x86)/atmel/studio/7.0/toolchain/avr8/avr8-gnu-toolchain/bin/../lib/gcc/avr/5.4.0/../../../../avr/lib/avr5\libm.a(fp_round.o)
 .data          0x00000000        0x0 c:/program files (x86)/atmel/studio/7.0/toolchain/avr8/avr8-gnu-toolchain/bin/../lib/gcc/avr/5.4.0/../../../../avr/lib/avr5\libm.a(fp_round.o)
 .bss           0x00000000        0x0 c:/program files (x86)/atmel/studio/7.0/toolchain/avr8/avr8-gnu-toolchain/bin/../lib/gcc/avr/5.4.0/../../../../avr/lib/avr5\libm.a(fp_round.o)
 .text          0x00000000        0x0 c:/program files (x86)/atmel/studio/7.0/toolchain/avr8/avr8-gnu-toolchain/bin/../lib/gcc/avr/5.4.0/avr5\libgcc.a(_exit.o)
 .data          0x00000000        0x0 c:/program files (x86)/atmel/studio/7.0/toolchain/avr8/avr8-gnu-toolchain/bin/../lib/gcc/avr/5.4.0/avr5\libgcc.a(_exit.o)
 .bss           0x00000000        0x0 c:/program files (x86)/atmel/studio/7.0/toolchain/avr8/avr8-gnu-toolchain/bin/../lib/gcc/avr/5.4.0/avr5\libgcc.a(_exit.o)
 .text.libgcc.mul
                0x00000000        0x0 c:/program files (x86)/atmel/studio/7.0/toolchain/avr8/avr8-gnu-toolchain/bin/../lib/gcc/avr/5.4.0/avr5\libgcc.a(_exit.o)
 .text.libgcc.div
                0x00000000        0x0 c:/program files (x86)/atmel/studio/7.0/toolchain/avr8/avr8-gnu-toolchain/bin/../lib/gcc/avr/5.4.0/avr5\libgcc.a(_exit.o)
 .text.libgcc   0x00000000        0x0 c:/program files (x86)/atmel/studio/7.0/toolchain/avr8/avr8-gnu-toolchain/bin/../lib/gcc/avr/5.4.0/avr5\libgcc.a(_exit.o)
 .text.libgcc.prologue
                0x00000000        0x0 c:/program files (x86)/atmel/studio/7.0/toolchain/avr8/avr8-gnu-toolchain/bin/../lib/gcc/avr/5.4.0/avr5\libgcc.a(_exit.o)
 .text.libgcc.builtins
                0x00000000        0x0 c:/program files (x86)/atmel/studio/7.0/toolchain/avr8/avr8-gnu-toolchain/bin/../lib/gcc/avr/5.4.0/avr5\libgcc.a(_exit.o)
 .text.libgcc.fmul
                0x00000000        0x0 c:/program files (x86)/atmel/studio/7.0/toolchain/avr8/avr8-gnu-toolchain/bin/../lib/gcc/avr/5.4.0/avr5\libgcc.a(_exit.o)
 .text.libgcc.fixed
                0x00000000        0x0 c:/program files (x86)/atmel/studio/7.0/toolchain/avr8/avr8-gnu-toolchain/bin/../lib/gcc/avr/5.4.0/avr5\libgcc.a(_exit.o)
 .text          0x00000000        0x0 c:/program files (x86)/atmel/studio/7.0/toolchain/avr8/avr8-gnu-toolchain/bin/../lib/gcc/avr/5.4.0/avr5\libgcc.a(_copy_data.o)
 .data          0x00000000        0x0 c:/program files (x86)/atmel/studio/7.0/toolchain/avr8/avr8-gnu-toolchain/bin/../lib/gcc/avr/5.4.0/avr5\libgcc.a(_copy_data.o)
 .bss           0x00000000        0x0 c:/program files (x86)/atmel/studio/7.0/toolchain/avr8/avr8-gnu-toolchain/bin/../lib/gcc/avr/5.4.0/avr5\libgcc.a(_copy_data.o)
 .text.libgcc.mul
                0x00000000        0x0 c:/program files (x86)/atmel/studio/7.0/toolchain/avr8/avr8-gnu-toolchain/bin/../lib/gcc/avr/5.4.0/avr5\libgcc.a(_copy_data.o)
 .text.libgcc.div
                0x00000000        0x0 c:/program files (x86)/atmel/studio/7.0/toolchain/avr8/avr8-gnu-toolchain/bin/../lib/gcc/avr/5.4.0/avr5\libgcc.a(_copy_data.o)
 .text.libgcc   0x00000000        0x0 c:/program files (x86)/atmel/studio/7.0/toolchain/avr8/avr8-gnu-toolchain/bin/../lib/gcc/avr/5.4.0/avr5\libgcc.a(_copy_data.o)
 .text.libgcc.prologue
                0x00000000        0x0 c:/program files (x86)/atmel/studio/7.0/toolchain/avr8/avr8-gnu-toolchain/bin/../lib/gcc/avr/5.4.0/avr5\libgcc.a(_copy_data.o)
 .text.libgcc.builtins
                0x00000000        0x0 c:/program files (x86)/atmel/studio/7.0/toolchain/avr8/avr8-gnu-toolchain/bin/../lib/gcc/avr/5.4.0/avr5\libgcc.a(_copy_data.o)
 .text.libgcc.fmul
                0x00000000        0x0 c:/program files (x86)/atmel/studio/7.0/toolchain/avr8/avr8-gnu-toolchain/bin/../lib/gcc/avr/5.4.0/avr5\libgcc.a(_copy_data.o)
 .text.libgcc.fixed
                0x00000000        0x0 c:/program files (x86)/atmel/studio/7.0/toolchain/avr8/avr8-gnu-toolchain/bin/../lib/gcc/avr/5.4.0/avr5\libgcc.a(_copy_data.o)
 .text          0x00000000        0x0 c:/program files (x86)/atmel/studio/7.0/toolchain/avr8/avr8-gnu-toolchain/bin/../lib/gcc/avr/5.4.0/avr5\libgcc.a(_clear_bss.o)
 .data          0x00000000        0x0 c:/program files (x86)/atmel/studio/7.0/toolchain/avr8/avr8-gnu-toolchain/bin/../lib/gcc/avr/5.4.0/avr5\libgcc.a(_clear_bss.o)
 .bss           0x00000000        0x0 c:/program files (x86)/atmel/studio/7.0/toolchain/avr8/avr8-gnu-toolchain/bin/../lib/gcc/avr/5.4.0/avr5\libgcc.a(_clear_bss.o)
 .text.libgcc.mul
                0x00000000        0x0 c:/program files (x86)/atmel/studio/7.0/toolchain/avr8/avr8-gnu-toolchain/bin/../lib/gcc/avr/5.4.0/avr5\libgcc.a(_clear_bss.o)
 .text.libgcc.div
                0x00000000        0x0 c:/program files (x86)/atmel/studio/7.0/toolchain/avr8/avr8-gnu-toolchain/bin/../lib/gcc/avr/5.4.0/avr5\libgcc.a(_clear_bss.o)
 .text.libgcc   0x00000000        0x0 c:/program files (x86)/atmel/studio/7.0/toolchain/avr8/avr8-gnu-toolchain/bin/../lib/gcc/avr/5.4.0/avr5\libgcc.a(_clear_bss.o)
 .text.libgcc.prologue
                0x00000000        0x0 c:/program files (x86)/atmel/studio/7.0/toolchain/avr8/avr8-gnu-toolchain/bin/../lib/gcc/avr/5.4.0/avr5\libgcc.a(_clear_bss.o)
 .text.libgcc.builtins
                0x00000000        0x0 c:/program files (x86)/atmel/studio/7.0/toolchain/avr8/avr8-gnu-toolchain/bin/../lib/gcc/avr/5.4.0/avr5\libgcc.a(_clear_bss.o)
 .text.libgcc.fmul
                0x00000000        0x0 c:/program files (x86)/atmel/studio/7.0/toolchain/avr8/avr8-gnu-toolchain/bin/../lib/gcc/avr/5.4.0/avr5\libgcc.a(_clear_bss.o)
 .text.libgcc.fixed
                0x00000000        0x0 c:/program files (x86)/atmel/studio/7.0/toolchain/avr8/avr8-gnu-toolchain/bin/../lib/gcc/avr/5.4.0/avr5\libgcc.a(_clear_bss.o)

Memory Configuration

Name             Origin             Length             Attributes
text             0x00000000         0x00008000         xr
data             0x00800060         0x00000800         rw !x
eeprom           0x00810000         0x00000400         rw !x
fuse             0x00820000         0x00000002         rw !x
lock             0x00830000         0x00000400         rw !x
signature        0x00840000         0x00000400         rw !x
user_signatures  0x00850000         0x00000400         rw !x
*default*        0x00000000         0xffffffff

Linker script and memory map

LOAD C:/Program Files (x86)/Atmel/Studio/7.0/Packs/Atmel/ATmega_DFP/1.7.374/gcc/dev/atmega32/avr5/crtatmega32.o
LOAD Application/main.o
LOAD Application/Source/APP.o
LOAD Application/Source/Database.o
LOAD HAL/Source/EEPROM.o
LOAD HAL/Source/keypad.o
LOAD HAL/Source/LCD.o
LOAD MCAL/Source/ADC.o
LOAD MCAL/Source/I2C.o
LOAD MCAL/Source/timer0.o
LOAD MCAL/Source/timer2.o
LOAD MCAL/Source/UART.o
START GROUP
LOAD c:/program files (x86)/atmel/studio/7.0/toolchain/avr8/avr8-gnu-toolchain/bin/../lib/gcc/avr/5.4.0/../../../../avr/lib/avr5\libm.a
END GROUP
START GROUP
LOAD c:/program files (x86)/atmel/studio/7.0/toolchain/avr8/avr8-gnu-toolchain/bin/../lib/gcc/avr/5.4.0/avr5\libgcc.a
LOAD c:/program files (x86)/atmel/studio/7.0/toolchain/avr8/avr8-gnu-toolchain/bin/../lib/gcc/avr/5.4.0/../../../../avr/lib/avr5\libm.a
LOAD c:/program files (x86)/atmel/studio/7.0/toolchain/avr8/avr8-gnu-toolchain/bin/../lib/gcc/avr/5.4.0/../../../../avr/lib/avr5\libc.a
LOAD C:/Program Files (x86)/Atmel/Studio/7.0/Packs/Atmel/ATmega_DFP/1.7.374/gcc/dev/atmega32/avr5\libatmega32.a
END GROUP
                0x00000000                __TEXT_REGION_ORIGIN__ = DEFINED (__TEXT_REGION_ORIGIN__)?__TEXT_REGION_ORIGIN__:0x0
                [0x00800060]                __DATA_REGION_ORIGIN__ = DEFINED (__DATA_REGION_ORIGIN__)?__DATA_REGION_ORIGIN__:0x800060
                [0x00008000]                __TEXT_REGION_LENGTH__ = DEFINED (__TEXT_REGION_LENGTH__)?__TEXT_REGION_LENGTH__:0x20000
                [0x00000800]                __DATA_REGION_LENGTH__ = DEFINED (__DATA_REGION_LENGTH__)?__DATA_REGION_LENGTH__:0xffa0
                [0x00000400]                __EEPROM_REGION_LENGTH__ = DEFINED (__EEPROM_REGION_LENGTH__)?__EEPROM_REGION_LENGTH__:0x10000
                [0x00000002]                __FUSE_REGION_LENGTH__ = DEFINED (__FUSE_REGION_LENGTH__)?__FUSE_REGION_LENGTH__:0x400
                0x00000400                __LOCK_REGION_LENGTH__ = DEFINED (__LOCK_REGION_LENGTH__)?__LOCK_REGION_LENGTH__:0x400
                0x00000400                __SIGNATURE_REGION_LENGTH__ = DEFINED (__SIGNATURE_REGION_LENGTH__)?__SIGNATURE_REGION_LENGTH__:0x400
                0x00000400                __USER_SIGNATURE_REGION_LENGTH__ = DEFINED (__USER_SIGNATURE_REGION_LENGTH__)?__USER_SIGNATURE_REGION_LENGTH__:0x400

.hash
 *(.hash)

.dynsym
 *(.dynsym)

.dynstr
 *(.dynstr)

.gnu.version
 *(.gnu.version)

.gnu.version_d
 *(.gnu.version_d)

.gnu.version_r
 *(.gnu.version_r)

.rel.init
 *(.rel.init)

.rela.init
 *(.rela.init)

.rel.text
 *(.rel.text)
 *(.rel.text.*)
 *(.rel.gnu.linkonce.t*)

.rela.text
 *(.rela.text)
 *(.rela.text.*)
 *(.rela.gnu.linkonce.t*)

.rel.fini
 *(.rel.fini)

.rela.fini
 *(.rela.fini)

.rel.rodata
 *(.rel.rodata)
 *(.rel.rodata.*)
 *(.rel.gnu.linkonce.r*)

.rela.rodata
 *(.rela.rodata)
 *(.rela.rodata.*)
 *(.rela.gnu.linkonce.r*)

.rel.data
 *(.rel.data)
 *(.rel.data.*)
 *(.rel.gnu.linkonce.d*)

.rela.data
 *(.rela.data)
 *(.rela.data.*)
 *(.rela.gnu.linkonce.d*)

.rel.ctors
 *(.rel.ctors)

.rela.ctors
 *(.rela.ctors)

.rel.dtors
 *(.rel.dtors)

.rela.dtors
 *(.rela.dtors)

.rel.got
 *(.rel.got)

.rela.got
 *(.rela.got)

.rel.bss
 *(.rel.bss)

.rela.bss
 *(.rela.bss)

.rel.plt
 *(.rel.plt)

.rela.plt
 *(.rela.plt)

.text           0x00000000     0x17f0
 *(.vectors)
 .vectors       0x00000000       0x54 C:/Program Files (x86)/Atmel/Studio/7.0/Packs/Atmel/ATmega_DFP/1.7.374/gcc/dev/atmega32/avr5/crtatmega32.o
                0x00000000                __vector_default
                0x00000000                __vectors
 *(.vectors)
 *(.progmem.gcc*)
                0x00000054                . = ALIGN (0x2)
                0x00000054                __trampolines_start = .
 *(.trampolines)
 .trampolines   0x00000054        0x0 linker stubs
 *(.trampolines*)
                0x00000054                __trampolines_end = .
 *libprintf_flt.a:*(.progmem.data)
 *libc.a:*(.progmem.data)
 *(.progmem*)
                0x00000054                . = ALIGN (0x2)
 *(.jumptables)
 *(.jumptables*)
 *(.lowtext)
 *(.lowtext*)
                0x00000054                __ctors_start = .
 *(.ctors)
                0x00000054                __ctors_end = .
                0x00000054                __dtors_start = .
 *(.dtors)
                0x00000054                __dtors_end = .
 SORT(*)(.ctors)
 SORT(*)(.dtors)
 *(.init0)
 .init0         0x00000054        0x0 C:/Program Files (x86)/Atmel/Studio/7.0/Packs/Atmel/ATmega_DFP/1.7.374/gcc/dev/atmega32/avr5/crtatmega32.o
                0x00000054                __init
 *(.init0)
 *(.init1)
 *(.init1)
 *(.init2)
 .init2         0x00000054        0xc C:/Program Files (x86)/Atmel/Studio/7.0/Packs/Atmel/ATmega_DFP/1.7.374/gcc/dev/atmega32/avr5/crtatmega32.o
 *(.init2)
 *(.init3)
 *(.init3)
 *(.init4)
 .init4         0x00000060       0x16 c:/program files (x86)/atmel/studio/7.0/toolchain/avr8/avr8-gnu-toolchain/bin/../lib/gcc/avr/5.4.0/avr5\libgcc.a(_copy_data.o)
                0x00000060                __do_copy_data
 .init4         0x00000076       0x10 c:/program files (x86)/atmel/studio/7.0/toolchain/avr8/avr8-gnu-toolchain/bin/../lib/gcc/avr/5.4.0/avr5\libgcc.a(_clear_bss.o)
                0x00000076                __do_clear_bss
 *(.init4)
 *(.init5)
 *(.init5)
 *(.init6)
 *(.init6)
 *(.init7)
 *(.init7)
 *(.init8)
 *(.init8)
 *(.init9)
 .init9         0x00000086        0x8 C:/Program Files (x86)/Atmel/Studio/7.0/Packs/Atmel/ATmega_DFP/1.7.374/gcc/dev/atmega32/avr5/crtatmega32.o
 *(.init9)
 *(.text)
 .text          0x0000008e        0x4 C:/Program Files (x86)/Atmel/Studio/7.0/Packs/Atmel/ATmega_DFP/1.7.374/gcc/dev/atmega32/avr5/crtatmega32.o
                0x0000008e                __vector_1
                0x0000008e                __vector_12
                0x0000008e                __bad_interrupt
                0x0000008e                __vector_6
                0x0000008e                __vector_3
                0x0000008e                __vector_11
                0x0000008e                __vector_13
                0x0000008e                __vector_17
                0x0000008e                __vector_19
                0x0000008e                __vector_7
                0x0000008e                __vector_5
                0x0000008e                __vector_4
                0x0000008e                __vector_9
                0x0000008e                __vector_2
                0x0000008e                __vector_15
                0x0000008e                __vector_8
                0x0000008e                __vector_14
                0x0000008e                __vector_10
                0x0000008e                __vector_16
                0x0000008e                __vector_18
                0x0000008e                __vector_20
                0x00000092                . = ALIGN (0x2)
 *(.text.*)
 .text.main     0x00000092        0xe Application/main.o
                0x00000092                main
 .text.check_temp
                0x000000a0       0x22 Application/Source/APP.o
                0x000000a0                check_temp
 .text.temp_mode
                0x000000c2       0xb8 Application/Source/APP.o
                0x000000c2                temp_mode
 .text.set_servo
                0x0000017a       0xa4 Application/Source/APP.o
                0x0000017a                set_servo
 .text.LED_init
                0x0000021e       0x20 Application/Source/APP.o
                0x0000021e                LED_init
 .text.LED_Activate
                0x0000023e      0x102 Application/Source/APP.o
                0x0000023e                LED_Activate
 .text.LED_DeActivate
                0x00000340      0x102 Application/Source/APP.o
                0x00000340                LED_DeActivate
 .text.Led      0x00000442       0xc4 Application/Source/APP.o
                0x00000442                Led
 .text.dimming_brightness
                0x00000506      0x11e Application/Source/APP.o
                0x00000506                dimming_brightness
 .text.APP      0x00000624       0xbc Application/Source/APP.o
                0x00000624                APP
 .text.All_init
                0x000006e0       0x28 Application/Source/APP.o
                0x000006e0                All_init
 .text.User_Mode
                0x00000708      0x26c Application/Source/Database.o
                0x00000708                User_Mode
 .text.New_User
                0x00000974      0x12a Application/Source/Database.o
                0x00000974                New_User
 .text.Admin_Mode
                0x00000a9e      0x378 Application/Source/Database.o
                0x00000a9e                Admin_Mode
 .text.New_Admin
                0x00000e16       0xfe Application/Source/Database.o
                0x00000e16                New_Admin
 .text.Bazzer_init
                0x00000f14        0x8 Application/Source/Database.o
                0x00000f14                Bazzer_init
 .text.Bazzer   0x00000f1c        0x8 Application/Source/Database.o
                0x00000f1c                Bazzer
 .text.login_User
                0x00000f24      0x156 Application/Source/Database.o
                0x00000f24                login_User
 .text.login_Admin
                0x0000107a      0x11e Application/Source/Database.o
                0x0000107a                login_Admin
 .text.EEPROM_init
                0x00001198        0x6 HAL/Source/EEPROM.o
                0x00001198                EEPROM_init
 .text.EEPROM_send
                0x0000119e       0x3c HAL/Source/EEPROM.o
                0x0000119e                EEPROM_send
 .text.EEPROM_recieve
                0x000011da       0x46 HAL/Source/EEPROM.o
                0x000011da                EEPROM_recieve
 .text.KEYPAD_init
                0x00001220       0x62 HAL/Source/keypad.o
                0x00001220                KEYPAD_init
 .text.KEYPAD_getkey
                0x00001282       0xf6 HAL/Source/keypad.o
                0x00001282                KEYPAD_getkey
 .text.LCD_send_cmd
                0x00001378       0x5c HAL/Source/LCD.o
                0x00001378                LCD_send_cmd
 .text.LCD_init
                0x000013d4       0x44 HAL/Source/LCD.o
                0x000013d4                LCD_init
 .text.LCD_send_char
                0x00001418       0x5c HAL/Source/LCD.o
                0x00001418                LCD_send_char
 .text.LCD_send_string
                0x00001474       0x2c HAL/Source/LCD.o
                0x00001474                LCD_send_string
 .text.ADC_init
                0x000014a0       0x2c MCAL/Source/ADC.o
                0x000014a0                ADC_init
 .text.ADC_read
                0x000014cc       0x22 MCAL/Source/ADC.o
                0x000014cc                ADC_read
 .text.TWI_Init
                0x000014ee        0xe MCAL/Source/I2C.o
                0x000014ee                TWI_Init
 .text.TWI_Start
                0x000014fc        0xc MCAL/Source/I2C.o
                0x000014fc                TWI_Start
 .text.TWI_Stop
                0x00001508        0x6 MCAL/Source/I2C.o
                0x00001508                TWI_Stop
 .text.TWI_Write
                0x0000150e        0xe MCAL/Source/I2C.o
                0x0000150e                TWI_Write
 .text.TWI_Read_with_NACK
                0x0000151c        0xe MCAL/Source/I2C.o
                0x0000151c                TWI_Read_with_NACK
 .text.timer0_init
                0x0000152a       0x2a MCAL/Source/timer0.o
                0x0000152a                timer0_init
 .text.timer2_dc
                0x00001554       0x14 MCAL/Source/timer2.o
                0x00001554                timer2_dc
 .text.timer2_init
                0x00001568       0x32 MCAL/Source/timer2.o
                0x00001568                timer2_init
 .text.USART_init
                0x0000159a       0x30 MCAL/Source/UART.o
                0x0000159a                USART_init
 .text.USART_transmit
                0x000015ca        0xc MCAL/Source/UART.o
                0x000015ca                USART_transmit
 .text.USART_recieve
                0x000015d6        0x8 MCAL/Source/UART.o
                0x000015d6                USART_recieve
 .text.USART_transmitstring
                0x000015de       0x34 MCAL/Source/UART.o
                0x000015de                USART_transmitstring
 .text.avr-libc.fplib
                0x00001612       0x5e c:/program files (x86)/atmel/studio/7.0/toolchain/avr8/avr8-gnu-toolchain/bin/../lib/gcc/avr/5.4.0/../../../../avr/lib/avr5\libm.a(fixunssfsi.o)
                0x00001612                __fixunssfsi
 .text.avr-libc.fplib
                0x00001670       0x44 c:/program files (x86)/atmel/studio/7.0/toolchain/avr8/avr8-gnu-toolchain/bin/../lib/gcc/avr/5.4.0/../../../../avr/lib/avr5\libm.a(fp_split3.o)
                0x00001670                __fp_split3
                0x00001680                __fp_splitA
 .text.avr-libc.fplib
                0x000016b4        0xe c:/program files (x86)/atmel/studio/7.0/toolchain/avr8/avr8-gnu-toolchain/bin/../lib/gcc/avr/5.4.0/../../../../avr/lib/avr5\libm.a(fp_zero.o)
                0x000016b4                __fp_zero
                0x000016b6                __fp_szero
 .text.avr-libc.fplib
                0x000016c2        0x8 c:/program files (x86)/atmel/studio/7.0/toolchain/avr8/avr8-gnu-toolchain/bin/../lib/gcc/avr/5.4.0/../../../../avr/lib/avr5\libm.a(mulsf3.o)
                0x000016c2                __mulsf3
 .text.avr-libc.fplib
                0x000016ca       0xd2 c:/program files (x86)/atmel/studio/7.0/toolchain/avr8/avr8-gnu-toolchain/bin/../lib/gcc/avr/5.4.0/../../../../avr/lib/avr5\libm.a(mulsf3x.o)
                0x000016e8                __mulsf3x
                0x000016ee                __mulsf3_pse
 .text.avr-libc.fplib
                0x0000179c        0xc c:/program files (x86)/atmel/studio/7.0/toolchain/avr8/avr8-gnu-toolchain/bin/../lib/gcc/avr/5.4.0/../../../../avr/lib/avr5\libm.a(fp_inf.o)
                0x0000179c                __fp_inf
 .text.avr-libc.fplib
                0x000017a8        0x6 c:/program files (x86)/atmel/studio/7.0/toolchain/avr8/avr8-gnu-toolchain/bin/../lib/gcc/avr/5.4.0/../../../../avr/lib/avr5\libm.a(fp_nan.o)
                0x000017a8                __fp_nan
 .text.avr-libc.fplib
                0x000017ae        0xe c:/program files (x86)/atmel/studio/7.0/toolchain/avr8/avr8-gnu-toolchain/bin/../lib/gcc/avr/5.4.0/../../../../avr/lib/avr5\libm.a(fp_pscA.o)
                0x000017ae                __fp_pscA
 .text.avr-libc.fplib
                0x000017bc        0xe c:/program files (x86)/atmel/studio/7.0/toolchain/avr8/avr8-gnu-toolchain/bin/../lib/gcc/avr/5.4.0/../../../../avr/lib/avr5\libm.a(fp_pscB.o)
                0x000017bc                __fp_pscB
 .text.avr-libc.fplib
                0x000017ca       0x22 c:/program files (x86)/atmel/studio/7.0/toolchain/avr8/avr8-gnu-toolchain/bin/../lib/gcc/avr/5.4.0/../../../../avr/lib/avr5\libm.a(fp_round.o)
                0x000017ca                __fp_round
                0x000017ec                . = ALIGN (0x2)
 *(.fini9)
 .fini9         0x000017ec        0x0 c:/program files (x86)/atmel/studio/7.0/toolchain/avr8/avr8-gnu-toolchain/bin/../lib/gcc/avr/5.4.0/avr5\libgcc.a(_exit.o)
                0x000017ec                _exit
                0x000017ec                exit
 *(.fini9)
 *(.fini8)
 *(.fini8)
 *(.fini7)
 *(.fini7)
 *(.fini6)
 *(.fini6)
 *(.fini5)
 *(.fini5)
 *(.fini4)
 *(.fini4)
 *(.fini3)
 *(.fini3)
 *(.fini2)
 *(.fini2)
 *(.fini1)
 *(.fini1)
 *(.fini0)
 .fini0         0x000017ec        0x4 c:/program files (x86)/atmel/studio/7.0/toolchain/avr8/avr8-gnu-toolchain/bin/../lib/gcc/avr/5.4.0/avr5\libgcc.a(_exit.o)
 *(.fini0)
                0x000017f0                _etext = .

.data           0x00800060      0x408 load address 0x000017f0
                0x00800060                PROVIDE (__data_start, .)
 *(.data)
 *(.data*)
 .data.temp_state
                0x00800060        0x1 Application/Source/APP.o
                0x00800060                temp_state
 *(.gnu.linkonce.d*)
 *(.rodata)
 *(.rodata*)
 .rodata.str1.1
                0x00800061      0x1c8 Application/Source/APP.o
                                0x1e2 (size before relaxing)
 .rodata.str1.1
                0x00800229      0x23e Application/Source/Database.o
                                0x282 (size before relaxing)
 *(.gnu.linkonce.r*)
                0x00800468                . = ALIGN (0x2)
 *fill*         0x00800467        0x1 
                0x00800468                _edata = .
                0x00800468                PROVIDE (__data_end, .)

.bss            0x00800468        0x2
                0x00800468                PROVIDE (__bss_start, .)
 *(.bss)
 *(.bss*)
 .bss.Is_admin_created
                0x00800468        0x1 Application/Source/Database.o
                0x00800468                Is_admin_created
 .bss.no_of_users_in_system
                0x00800469        0x1 Application/Source/Database.o
                0x00800469                no_of_users_in_system
 *(COMMON)
                0x0080046a                PROVIDE (__bss_end, .)
                0x000017f0                __data_load_start = LOADADDR (.data)
                0x00001bf8                __data_load_end = (__data_load_start + SIZEOF (.data))

.noinit         0x0080046a        0x0
                [!provide]                PROVIDE (__noinit_start, .)
 *(.noinit*)
                [!provide]                PROVIDE (__noinit_end, .)
                0x0080046a                _end = .
                [!provide]                PROVIDE (__heap_start, .)

.eeprom         0x00810000        0x0
 *(.eeprom*)
                0x00810000                __eeprom_end = .

.fuse
 *(.fuse)
 *(.lfuse)
 *(.hfuse)
 *(.efuse)

.lock
 *(.lock*)

.signature
 *(.signature*)

.user_signatures
 *(.user_signatures*)

.stab
 *(.stab)

.stabstr
 *(.stabstr)

.stab.excl
 *(.stab.excl)

.stab.exclstr
 *(.stab.exclstr)

.stab.index
 *(.stab.index)

.stab.indexstr
 *(.stab.indexstr)

.comment        0x00000000       0x30
 *(.comment)
 .comment       0x00000000       0x30 Application/main.o
                                 0x31 (size before relaxing)
 .comment       0x00000030       0x31 Application/Source/APP.o
 .comment       0x00000030       0x31 Application/Source/Database.o
 .comment       0x00000030       0x31 HAL/Source/EEPROM.o
 .comment       0x00000030       0x31 HAL/Source/keypad.o
 .comment       0x00000030       0x31 HAL/Source/LCD.o
 .comment       0x00000030       0x31 MCAL/Source/ADC.o
 .comment       0x00000030       0x31 MCAL/Source/I2C.o
 .comment       0x00000030       0x31 MCAL/Source/timer0.o
 .comment       0x00000030       0x31 MCAL/Source/timer2.o
 .comment       0x00000030       0x31 MCAL/Source/UART.o

.note.gnu.avr.deviceinfo
                0x00000000       0x3c
 .note.gnu.avr.deviceinfo
                0x00000000       0x3c C:/Program Files (x86)/Atmel/Studio/7.0/Packs/Atmel/ATmega_DFP/1.7.374/gcc/dev/atmega32/avr5/crtatmega32.o

.note.gnu.build-id
 *(.note.gnu.build-id)

.debug
 *(.debug)

.line
 *(.line)

.debug_srcinfo
 *(.debug_srcinfo)

.debug_sfnames
 *(.debug_sfnames)

.debug_aranges  0x00000000      0x268
 *(.debug_aranges)
 .debug_aranges
                0x00000000       0x20 Application/main.o
 .debug_aranges
                0x00000020       0x68 Application/Source/APP.o
 .debug_aranges
                0x00000088       0x58 Application/Source/Database.o
 .debug_aranges
                0x000000e0       0x30 HAL/Source/EEPROM.o
 .debug_aranges
                0x00000110       0x28 HAL/Source/keypad.o
 .debug_aranges
                0x00000138       0x38 HAL/Source/LCD.o
 .debug_aranges
                0x00000170       0x28 MCAL/Source/ADC.o
 .debug_aranges
                0x00000198       0x50 MCAL/Source/I2C.o
 .debug_aranges
                0x000001e8       0x20 MCAL/Source/timer0.o
 .debug_aranges
                0x00000208       0x28 MCAL/Source/timer2.o
 .debug_aranges
                0x00000230       0x38 MCAL/Source/UART.o

.debug_pubnames
 *(.debug_pubnames)

.debug_info     0x00000000     0x3794
 *(.debug_info .gnu.linkonce.wi.*)
 .debug_info    0x00000000      0x4e6 C:/Program Files (x86)/Atmel/Studio/7.0/Packs/Atmel/ATmega_DFP/1.7.374/gcc/dev/atmega32/avr5/crtatmega32.o
 .debug_info    0x000004e6       0xc4 Application/main.o
 .debug_info    0x000005aa      0xe73 Application/Source/APP.o
 .debug_info    0x0000141d     0x1740 Application/Source/Database.o
 .debug_info    0x00002b5d      0x1d5 HAL/Source/EEPROM.o
 .debug_info    0x00002d32      0x1e8 HAL/Source/keypad.o
 .debug_info    0x00002f1a      0x396 HAL/Source/LCD.o
 .debug_info    0x000032b0       0xac MCAL/Source/ADC.o
 .debug_info    0x0000335c      0x137 MCAL/Source/I2C.o
 .debug_info    0x00003493       0x82 MCAL/Source/timer0.o
 .debug_info    0x00003515       0xd3 MCAL/Source/timer2.o
 .debug_info    0x000035e8      0x1ac MCAL/Source/UART.o

.debug_abbrev   0x00000000     0x101f
 *(.debug_abbrev)
 .debug_abbrev  0x00000000      0x4a3 C:/Program Files (x86)/Atmel/Studio/7.0/Packs/Atmel/ATmega_DFP/1.7.374/gcc/dev/atmega32/avr5/crtatmega32.o
 .debug_abbrev  0x000004a3       0x7a Application/main.o
 .debug_abbrev  0x0000051d      0x250 Application/Source/APP.o
 .debug_abbrev  0x0000076d      0x212 Application/Source/Database.o
 .debug_abbrev  0x0000097f       0xd0 HAL/Source/EEPROM.o
 .debug_abbrev  0x00000a4f       0xf8 HAL/Source/keypad.o
 .debug_abbrev  0x00000b47      0x188 HAL/Source/LCD.o
 .debug_abbrev  0x00000ccf       0x78 MCAL/Source/ADC.o
 .debug_abbrev  0x00000d47       0xbd MCAL/Source/I2C.o
 .debug_abbrev  0x00000e04       0x4f MCAL/Source/timer0.o
 .debug_abbrev  0x00000e53       0x8f MCAL/Source/timer2.o
 .debug_abbrev  0x00000ee2      0x13d MCAL/Source/UART.o

.debug_line     0x00000000     0x217f
 *(.debug_line .debug_line.* .debug_line_end)
 .debug_line    0x00000000      0x116 C:/Program Files (x86)/Atmel/Studio/7.0/Packs/Atmel/ATmega_DFP/1.7.374/gcc/dev/atmega32/avr5/crtatmega32.o
 .debug_line    0x00000116       0x7c Application/main.o
 .debug_line    0x00000192      0x89a Application/Source/APP.o
 .debug_line    0x00000a2c      0xab7 Application/Source/Database.o
 .debug_line    0x000014e3       0xe9 HAL/Source/EEPROM.o
 .debug_line    0x000015cc      0x348 HAL/Source/keypad.o
 .debug_line    0x00001914      0x246 HAL/Source/LCD.o
 .debug_line    0x00001b5a      0x100 MCAL/Source/ADC.o
 .debug_line    0x00001c5a      0x196 MCAL/Source/I2C.o
 .debug_line    0x00001df0       0xd1 MCAL/Source/timer0.o
 .debug_line    0x00001ec1       0xe7 MCAL/Source/timer2.o
 .debug_line    0x00001fa8      0x1d7 MCAL/Source/UART.o

.debug_frame    0x00000000      0x4f8
 *(.debug_frame)
 .debug_frame   0x00000000       0x24 Application/main.o
 .debug_frame   0x00000024      0x104 Application/Source/APP.o
 .debug_frame   0x00000128      0x154 Application/Source/Database.o
 .debug_frame   0x0000027c       0x68 HAL/Source/EEPROM.o
 .debug_frame   0x000002e4       0x34 HAL/Source/keypad.o
 .debug_frame   0x00000318       0x68 HAL/Source/LCD.o
 .debug_frame   0x00000380       0x34 MCAL/Source/ADC.o
 .debug_frame   0x000003b4       0x84 MCAL/Source/I2C.o
 .debug_frame   0x00000438       0x24 MCAL/Source/timer0.o
 .debug_frame   0x0000045c       0x34 MCAL/Source/timer2.o
 .debug_frame   0x00000490       0x68 MCAL/Source/UART.o

.debug_str      0x00000000      0x718
 *(.debug_str)
 .debug_str     0x00000000      0x196 C:/Program Files (x86)/Atmel/Studio/7.0/Packs/Atmel/ATmega_DFP/1.7.374/gcc/dev/atmega32/avr5/crtatmega32.o
 .debug_str     0x00000196      0x183 Application/main.o
                                0x1b7 (size before relaxing)
 .debug_str     0x00000319      0x1fd Application/Source/APP.o
                                0x3aa (size before relaxing)
 .debug_str     0x00000516       0x9d Application/Source/Database.o
                                0x372 (size before relaxing)
 .debug_str     0x000005b3       0x68 HAL/Source/EEPROM.o
                                0x217 (size before relaxing)
 .debug_str     0x0000061b       0x26 HAL/Source/keypad.o
                                0x211 (size before relaxing)
 .debug_str     0x00000641       0x27 HAL/Source/LCD.o
                                0x23c (size before relaxing)
 .debug_str     0x00000668       0x1d MCAL/Source/ADC.o
                                0x1bf (size before relaxing)
 .debug_str     0x00000685       0x39 MCAL/Source/I2C.o
                                0x207 (size before relaxing)
 .debug_str     0x000006be       0x18 MCAL/Source/timer0.o
                                0x1b4 (size before relaxing)
 .debug_str     0x000006d6       0x18 MCAL/Source/timer2.o
                                0x1c4 (size before relaxing)
 .debug_str     0x000006ee       0x2a MCAL/Source/UART.o
                                0x23d (size before relaxing)

.debug_loc      0x00000000     0x1a92
 *(.debug_loc)
 .debug_loc     0x00000000      0x6d8 Application/Source/APP.o
 .debug_loc     0x000006d8      0xd9d Application/Source/Database.o
 .debug_loc     0x00001475      0x11d HAL/Source/EEPROM.o
 .debug_loc     0x00001592      0x132 HAL/Source/keypad.o
 .debug_loc     0x000016c4      0x233 HAL/Source/LCD.o
 .debug_loc     0x000018f7       0x21 MCAL/Source/ADC.o
 .debug_loc     0x00001918       0x50 MCAL/Source/I2C.o
 .debug_loc     0x00001968       0x2e MCAL/Source/timer2.o
 .debug_loc     0x00001996       0xfc MCAL/Source/UART.o

.debug_macinfo
 *(.debug_macinfo)

.debug_weaknames
 *(.debug_weaknames)

.debug_funcnames
 *(.debug_funcnames)

.debug_typenames
 *(.debug_typenames)

.debug_varnames
 *(.debug_varnames)

.debug_pubtypes
 *(.debug_pubtypes)

.debug_ranges   0x00000000      0x1b8
 *(.debug_ranges)
 .debug_ranges  0x00000000       0x10 Application/main.o
 .debug_ranges  0x00000010       0x58 Application/Source/APP.o
 .debug_ranges  0x00000068       0x48 Application/Source/Database.o
 .debug_ranges  0x000000b0       0x20 HAL/Source/EEPROM.o
 .debug_ranges  0x000000d0       0x18 HAL/Source/keypad.o
 .debug_ranges  0x000000e8       0x28 HAL/Source/LCD.o
 .debug_ranges  0x00000110       0x18 MCAL/Source/ADC.o
 .debug_ranges  0x00000128       0x40 MCAL/Source/I2C.o
 .debug_ranges  0x00000168       0x10 MCAL/Source/timer0.o
 .debug_ranges  0x00000178       0x18 MCAL/Source/timer2.o
 .debug_ranges  0x00000190       0x28 MCAL/Source/UART.o

.debug_macro
 *(.debug_macro)
OUTPUT(Smart_Home.elf elf32-avr)
LOAD linker stubs
